// Vitest Snapshot v1, https://vitest.dev/guide/snapshot.html

exports[`ErrorBoundary > 에러 상태 스냅샷과 일치한다 1`] = `
<div>
  <div
    role="alert"
    style="display: flex; flex-direction: column; align-items: center; justify-content: center; min-height: 100dvh; padding: 2rem; text-align: center;"
  >
    <h1
      style="font-size: 1.5rem; margin-bottom: 0.5rem;"
    >
      문제가 발생했습니다
    </h1>
    <p
      style="color: var(--color-text-muted); margin-bottom: 1.5rem;"
    >
      예상치 못한 오류가 발생했습니다. 페이지를 새로고침해 주세요.
    </p>
    <button
      style="padding: 0.75rem 1.5rem; background-color: var(--color-accent); color: rgb(255, 255, 255); border: medium; border-radius: var(--radius); font-size: 1rem;"
      type="button"
    >
      새로고침
    </button>
  </div>
</div>
`;
