// Vitest Snapshot v1, https://vitest.dev/guide/snapshot.html

exports[`Header > 스냅샷과 일치한다 1`] = `
<div>
  <header
    class="header"
  >
    <div
      class="inner"
    >
      <h1
        class="title"
      >
        Web App
      </h1>
      <p
        class="subtitle"
      >
        실시간 실험 대시보드
      </p>
    </div>
  </header>
</div>
`;
