// Vitest Snapshot v1, https://vitest.dev/guide/snapshot.html

exports[`App > 초기 상태 스냅샷과 일치한다 1`] = `
<div>
  <div
    class="app"
  >
    <header
      class="header"
    >
      <div
        class="inner"
      >
        <h1
          class="title"
        >
          Web App
        </h1>
        <p
          class="subtitle"
        >
          실시간 실험 대시보드
        </p>
      </div>
    </header>
    <main
      class="main"
    >
      <div
        class="content"
      >
        <section
          class="chartSection"
        >
          <div
            class="wrapper"
          >
            <h2
              class="title"
            >
              온도-저항 그래프
            </h2>
            <p
              class="description"
            >
              현재 온도: 
              <strong>
                300
                K
              </strong>
               / 자기장:
               
              <strong>
                0
                T
              </strong>
            </p>
            <div
              class="chart"
            >
              <div
                data-testid="responsive-container"
              >
                <div
                  data-testid="line-chart"
                >
                  <div
                    data-testid="cartesian-grid"
                  />
                  <div
                    data-testid="x-axis"
                  />
                  <div
                    data-testid="y-axis"
                  />
                  <div
                    data-testid="tooltip"
                  />
                  <div
                    data-testid="legend"
                  />
                  <div
                    data-testid="line-resistance"
                  />
                  <div
                    data-testid="line-superconducting"
                  />
                </div>
              </div>
            </div>
          </div>
        </section>
        <aside
          class="controlSection"
        >
          <div
            class="panel"
          >
            <h2
              class="title"
            >
              실험 제어
            </h2>
            <div
              class="control"
            >
              <label
                class="label"
                for="temperature"
              >
                온도 (K)
              </label>
              <input
                class="slider"
                id="temperature"
                max="400"
                min="0"
                step="1"
                type="range"
                value="300"
              />
              <span
                class="value"
              >
                300
                 K
              </span>
            </div>
            <div
              class="control"
            >
              <label
                class="label"
                for="magneticField"
              >
                자기장 (T)
              </label>
              <input
                class="slider"
                id="magneticField"
                max="20"
                min="0"
                step="0.1"
                type="range"
                value="0"
              />
              <span
                class="value"
              >
                0.0
                 T
              </span>
            </div>
            <div
              class="info"
            >
              <h3
                class="infoTitle"
              >
                상태 정보
              </h3>
              <p
                class="infoText"
              >
                일반 상태: 온도가 임계점 이상입니다.
              </p>
            </div>
          </div>
        </aside>
      </div>
    </main>
  </div>
</div>
`;
